node.exe : npm warn Unknown project config "node-linker". This will stop 
working in the next major version of npm. See `npm help npmrc` for supported 
config options.
At line:1 char:1
+ & "C:\Program Files\nodejs/node.exe" "C:\Program Files\nodejs/node_mo ...
+ ~~~~~~~~~~~~~~~~~~~~~~~~~~~~~~~~~~~~~~~~~~~~~~~~~~~~~~~~~~~~~~~~~~~~~
    + CategoryInfo          : NotSpecified: (npm warn Unknow...config options. 
   :String) [], RemoteException
    + FullyQualifiedErrorId : NativeCommandError
 
.next/dev/types/validator.ts(549,31): error TS2344: Type 'typeof import("C:/Users/Gold/WebstormProjects/dropaphi/app/api/admin/users/[userId]/email/route")' does not satisfy the constraint 'RouteHandlerConfig<"/api/admin/users/[userId]/email">'.
  Types of property 'POST' are incompatible.
    Type '(req: NextRequest, { params }: { params: { userId: string; }; }) => Promise<Response>' is not assignable to type '(request: NextRequest, context: { params: Promise<{ userId: string; }>; }) => void | Response | Promise<void | Response>'.
      Types of parameters '__1' and 'context' are incompatible.
        Type '{ params: Promise<{ userId: string; }>; }' is not assignable to type '{ params: { userId: string; }; }'.
          Types of property 'params' are incompatible.
            Property 'userId' is missing in type 'Promise<{ userId: string; }>' but required in type '{ userId: string; }'.
.next/dev/types/validator.ts(558,31): error TS2344: Type 'typeof import("C:/Users/Gold/WebstormProjects/dropaphi/app/api/admin/users/[userId]/route")' does not satisfy the constraint 'RouteHandlerConfig<"/api/admin/users/[userId]">'.
  Types of property 'DELETE' are incompatible.
    Type '(req: NextRequest, { params }: { params: { userId: string; }; }) => Promise<Response>' is not assignable to type '(request: NextRequest, context: { params: Promise<{ userId: string; }>; }) => void | Response | Promise<void | Response>'.
      Types of parameters '__1' and 'context' are incompatible.
        Type '{ params: Promise<{ userId: string; }>; }' is not assignable to type '{ params: { userId: string; }; }'.
          Types of property 'params' are incompatible.
            Property 'userId' is missing in type 'Promise<{ userId: string; }>' but required in type '{ userId: string; }'.
.next/dev/types/validator.ts(567,31): error TS2344: Type 'typeof import("C:/Users/Gold/WebstormProjects/dropaphi/app/api/admin/users/[userId]/status/route")' does not satisfy the constraint 'RouteHandlerConfig<"/api/admin/users/[userId]/status">'.
  Types of property 'PATCH' are incompatible.
    Type '(req: NextRequest, { params }: { params: { userId: string; }; }) => Promise<Response>' is not assignable to type '(request: NextRequest, context: { params: Promise<{ userId: string; }>; }) => void | Response | Promise<void | Response>'.
      Types of parameters '__1' and 'context' are incompatible.
        Type '{ params: Promise<{ userId: string; }>; }' is not assignable to type '{ params: { userId: string; }; }'.
          Types of property 'params' are incompatible.
            Property 'userId' is missing in type 'Promise<{ userId: string; }>' but required in type '{ userId: string; }'.
.next/dev/types/validator.ts(900,31): error TS2344: Type 'typeof import("C:/Users/Gold/WebstormProjects/dropaphi/app/api/files/[fileId]/route")' does not satisfy the constraint 'RouteHandlerConfig<"/api/files/[fileId]">'.
  Types of property 'GET' are incompatible.
    Type '(req: NextRequest, { params }: { params: { fileId: string; }; }) => Promise<Response>' is not assignable to type '(request: NextRequest, context: { params: Promise<{ fileId: string; }>; }) => void | Response | Promise<void | Response>'.
      Types of parameters '__1' and 'context' are incompatible.
        Type '{ params: Promise<{ fileId: string; }>; }' is not assignable to type '{ params: { fileId: string; }; }'.
          Types of property 'params' are incompatible.
            Property 'fileId' is missing in type 'Promise<{ fileId: string; }>' but required in type '{ fileId: string; }'.
.next/dev/types/validator.ts(927,31): error TS2344: Type 'typeof import("C:/Users/Gold/WebstormProjects/dropaphi/app/api/user/notifications/[id]/archive/route")' does not satisfy the constraint 'RouteHandlerConfig<"/api/user/notifications/[id]/archive">'.
  Types of property 'POST' are incompatible.
    Type '(req: NextRequest, { params }: { params: { id: string; }; }) => Promise<Response>' is not assignable to type '(request: NextRequest, context: { params: Promise<{ id: string; }>; }) => void | Response | Promise<void | Response>'.
      Types of parameters '__1' and 'context' are incompatible.
        Type '{ params: Promise<{ id: string; }>; }' is not assignable to type '{ params: { id: string; }; }'.
          Types of property 'params' are incompatible.
            Property 'id' is missing in type 'Promise<{ id: string; }>' but required in type '{ id: string; }'.
.next/dev/types/validator.ts(936,31): error TS2344: Type 'typeof import("C:/Users/Gold/WebstormProjects/dropaphi/app/api/user/notifications/[id]/read/route")' does not satisfy the constraint 'RouteHandlerConfig<"/api/user/notifications/[id]/read">'.
  Types of property 'POST' are incompatible.
    Type '(req: NextRequest, { params }: { params: { id: string; }; }) => Promise<Response>' is not assignable to type '(request: NextRequest, context: { params: Promise<{ id: string; }>; }) => void | Response | Promise<void | Response>'.
      Types of parameters '__1' and 'context' are incompatible.
        Type '{ params: Promise<{ id: string; }>; }' is not assignable to type '{ params: { id: string; }; }'.
          Types of property 'params' are incompatible.
            Property 'id' is missing in type 'Promise<{ id: string; }>' but required in type '{ id: string; }'.
.next/dev/types/validator.ts(945,31): error TS2344: Type 'typeof import("C:/Users/Gold/WebstormProjects/dropaphi/app/api/user/notifications/[id]/route")' does not satisfy the constraint 'RouteHandlerConfig<"/api/user/notifications/[id]">'.
  Types of property 'DELETE' are incompatible.
    Type '(req: NextRequest, { params }: { params: { id: string; }; }) => Promise<Response>' is not assignable to type '(request: NextRequest, context: { params: Promise<{ id: string; }>; }) => void | Response | Promise<void | Response>'.
      Types of parameters '__1' and 'context' are incompatible.
        Type '{ params: Promise<{ id: string; }>; }' is not assignable to type '{ params: { id: string; }; }'.
          Types of property 'params' are incompatible.
            Property 'id' is missing in type 'Promise<{ id: string; }>' but required in type '{ id: string; }'.
.next/dev/types/validator.ts(1008,31): error TS2344: Type 'typeof import("C:/Users/Gold/WebstormProjects/dropaphi/app/api/v1/email/[id]/route")' does not satisfy the constraint 'RouteHandlerConfig<"/api/v1/email/[id]">'.
  The types returned by 'OPTIONS(...)' are incompatible between these types.
    Type 'Promise<NextResponse<unknown> | null>' is not assignable to type 'void | Response | Promise<void | Response>'.
      Type 'Promise<NextResponse<unknown> | null>' is not assignable to type 'Promise<void | Response>'.
        Type 'NextResponse<unknown> | null' is not assignable to type 'void | Response'.
          Type 'null' is not assignable to type 'void | Response'.
.next/dev/types/validator.ts(1017,31): error TS2344: Type 'typeof import("C:/Users/Gold/WebstormProjects/dropaphi/app/api/v1/email/send/route")' does not satisfy the constraint 'RouteHandlerConfig<"/api/v1/email/send">'.
  The types returned by 'OPTIONS(...)' are incompatible between these types.
    Type 'Promise<NextResponse<unknown> | null>' is not assignable to type 'void | Response | Promise<void | Response>'.
      Type 'Promise<NextResponse<unknown> | null>' is not assignable to type 'Promise<void | Response>'.
        Type 'NextResponse<unknown> | null' is not assignable to type 'void | Response'.
          Type 'null' is not assignable to type 'void | Response'.
.next/dev/types/validator.ts(1035,31): error TS2344: Type 'typeof import("C:/Users/Gold/WebstormProjects/dropaphi/app/api/v1/files/[fileId]/route")' does not satisfy the constraint 'RouteHandlerConfig<"/api/v1/files/[fileId]">'.
  Types of property 'GET' are incompatible.
    Type '(req: NextRequest, { params }: { params: { fileId: string; }; }) => Promise<NextResponse<unknown>>' is not assignable to type '(request: NextRequest, context: { params: Promise<{ fileId: string; }>; }) => void | Response | Promise<void | Response>'.
      Types of parameters '__1' and 'context' are incompatible.
        Type '{ params: Promise<{ fileId: string; }>; }' is not assignable to type '{ params: { fileId: string; }; }'.
          Types of property 'params' are incompatible.
            Property 'fileId' is missing in type 'Promise<{ fileId: string; }>' but required in type '{ fileId: string; }'.
.next/dev/types/validator.ts(1044,31): error TS2344: Type 'typeof import("C:/Users/Gold/WebstormProjects/dropaphi/app/api/v1/files/route")' does not satisfy the constraint 'RouteHandlerConfig<"/api/v1/files">'.
  The types returned by 'OPTIONS(...)' are incompatible between these types.
    Type 'Promise<NextResponse<unknown> | null>' is not assignable to type 'void | Response | Promise<void | Response>'.
      Type 'Promise<NextResponse<unknown> | null>' is not assignable to type 'Promise<void | Response>'.
        Type 'NextResponse<unknown> | null' is not assignable to type 'void | Response'.
          Type 'null' is not assignable to type 'void | Response'.
.next/dev/types/validator.ts(1053,31): error TS2344: Type 'typeof import("C:/Users/Gold/WebstormProjects/dropaphi/app/api/v1/files/upload/route")' does not satisfy the constraint 'RouteHandlerConfig<"/api/v1/files/upload">'.
  The types returned by 'OPTIONS(...)' are incompatible between these types.
    Type 'Promise<NextResponse<unknown> | null>' is not assignable to type 'void | Response | Promise<void | Response>'.
      Type 'Promise<NextResponse<unknown> | null>' is not assignable to type 'Promise<void | Response>'.
        Type 'NextResponse<unknown> | null' is not assignable to type 'void | Response'.
          Type 'null' is not assignable to type 'void | Response'.
.next/dev/types/validator.ts(1062,31): error TS2344: Type 'typeof import("C:/Users/Gold/WebstormProjects/dropaphi/app/api/v1/newsletter/subscribe/route")' does not satisfy the constraint 'RouteHandlerConfig<"/api/v1/newsletter/subscribe">'.
  The types returned by 'OPTIONS(...)' are incompatible between these types.
    Type 'Promise<NextResponse<unknown> | null>' is not assignable to type 'void | Response | Promise<void | Response>'.
      Type 'Promise<NextResponse<unknown> | null>' is not assignable to type 'Promise<void | Response>'.
        Type 'NextResponse<unknown> | null' is not assignable to type 'void | Response'.
          Type 'null' is not assignable to type 'void | Response'.
.next/dev/types/validator.ts(1071,31): error TS2344: Type 'typeof import("C:/Users/Gold/WebstormProjects/dropaphi/app/api/v1/otp/resend/route")' does not satisfy the constraint 'RouteHandlerConfig<"/api/v1/otp/resend">'.
  The types returned by 'OPTIONS(...)' are incompatible between these types.
    Type 'Promise<NextResponse<unknown> | null>' is not assignable to type 'void | Response | Promise<void | Response>'.
      Type 'Promise<NextResponse<unknown> | null>' is not assignable to type 'Promise<void | Response>'.
        Type 'NextResponse<unknown> | null' is not assignable to type 'void | Response'.
          Type 'null' is not assignable to type 'void | Response'.
.next/dev/types/validator.ts(1080,31): error TS2344: Type 'typeof import("C:/Users/Gold/WebstormProjects/dropaphi/app/api/v1/otp/send/route")' does not satisfy the constraint 'RouteHandlerConfig<"/api/v1/otp/send">'.
  The types returned by 'OPTIONS(...)' are incompatible between these types.
    Type 'Promise<NextResponse<unknown> | null>' is not assignable to type 'void | Response | Promise<void | Response>'.
      Type 'Promise<NextResponse<unknown> | null>' is not assignable to type 'Promise<void | Response>'.
        Type 'NextResponse<unknown> | null' is not assignable to type 'void | Response'.
          Type 'null' is not assignable to type 'void | Response'.
.next/dev/types/validator.ts(1089,31): error TS2344: Type 'typeof import("C:/Users/Gold/WebstormProjects/dropaphi/app/api/v1/otp/verify/route")' does not satisfy the constraint 'RouteHandlerConfig<"/api/v1/otp/verify">'.
  The types returned by 'OPTIONS(...)' are incompatible between these types.
    Type 'Promise<NextResponse<unknown> | null>' is not assignable to type 'void | Response | Promise<void | Response>'.
      Type 'Promise<NextResponse<unknown> | null>' is not assignable to type 'Promise<void | Response>'.
        Type 'NextResponse<unknown> | null' is not assignable to type 'void | Response'.
          Type 'null' is not assignable to type 'void | Response'.
.next/dev/types/validator.ts(1187,39): error TS2306: File 'C:/Users/Gold/WebstormProjects/dropaphi/app/api/workspace/[workspaceId]/email/[emailId]/status/route.ts' is not a module.
.next/dev/types/validator.ts(1368,31): error TS2344: Type 'typeof import("C:/Users/Gold/WebstormProjects/dropaphi/app/api/workspace/[workspaceId]/subscribers/[subscriberId]/route")' does not satisfy the constraint 'RouteHandlerConfig<"/api/workspace/[workspaceId]/subscribers/[subscriberId]">'.
  Types of property 'GET' are incompatible.
    Type '(req: NextRequest, { params }: { params: Promise<{ workspaceId: string; id: string; }>; }) => Promise<Response>' is not assignable to type '(request: NextRequest, context: { params: Promise<{ workspaceId: string; subscriberId: string; }>; }) => void | Response | Promise<void | Response>'.
      Types of parameters '__1' and 'context' are incompatible.
        Type '{ params: Promise<{ workspaceId: string; subscriberId: string; }>; }' is not assignable to type '{ params: Promise<{ workspaceId: string; id: string; }>; }'.
          Types of property 'params' are incompatible.
            Type 'Promise<{ workspaceId: string; subscriberId: string; }>' is not assignable to type 'Promise<{ workspaceId: string; id: string; }>'.
              Property 'id' is missing in type '{ workspaceId: string; subscriberId: string; }' but required in type '{ workspaceId: string; id: string; }'.
.next/dev/types/validator.ts(1404,31): error TS2344: Type 'typeof import("C:/Users/Gold/WebstormProjects/dropaphi/app/api/workspace/invitations/[invitationId]/route")' does not satisfy the constraint 'RouteHandlerConfig<"/api/workspace/invitations/[invitationId]">'.
  Types of property 'DELETE' are incompatible.
    Type '(req: NextRequest, { params }: { params: { invitationId: string; }; }) => Promise<Response>' is not assignable to type '(request: NextRequest, context: { params: Promise<{ invitationId: string; }>; }) => void | Response | Promise<void | Response>'.
      Types of parameters '__1' and 'context' are incompatible.
        Type '{ params: Promise<{ invitationId: string; }>; }' is not assignable to type '{ params: { invitationId: string; }; }'.
          Types of property 'params' are incompatible.
            Property 'invitationId' is missing in type 'Promise<{ invitationId: string; }>' but required in type '{ invitationId: string; }'.
.next/types/validator.ts(540,31): error TS2344: Type 'typeof import("C:/Users/Gold/WebstormProjects/dropaphi/app/api/admin/users/[userId]/email/route")' does not satisfy the constraint 'RouteHandlerConfig<"/api/admin/users/[userId]/email">'.
  Types of property 'POST' are incompatible.
    Type '(req: NextRequest, { params }: { params: { userId: string; }; }) => Promise<Response>' is not assignable to type '(request: NextRequest, context: { params: Promise<{ userId: string; }>; }) => void | Response | Promise<void | Response>'.
      Types of parameters '__1' and 'context' are incompatible.
        Type '{ params: Promise<{ userId: string; }>; }' is not assignable to type '{ params: { userId: string; }; }'.
          Types of property 'params' are incompatible.
            Property 'userId' is missing in type 'Promise<{ userId: string; }>' but required in type '{ userId: string; }'.
.next/types/validator.ts(549,31): error TS2344: Type 'typeof import("C:/Users/Gold/WebstormProjects/dropaphi/app/api/admin/users/[userId]/route")' does not satisfy the constraint 'RouteHandlerConfig<"/api/admin/users/[userId]">'.
  Types of property 'DELETE' are incompatible.
    Type '(req: NextRequest, { params }: { params: { userId: string; }; }) => Promise<Response>' is not assignable to type '(request: NextRequest, context: { params: Promise<{ userId: string; }>; }) => void | Response | Promise<void | Response>'.
      Types of parameters '__1' and 'context' are incompatible.
        Type '{ params: Promise<{ userId: string; }>; }' is not assignable to type '{ params: { userId: string; }; }'.
          Types of property 'params' are incompatible.
            Property 'userId' is missing in type 'Promise<{ userId: string; }>' but required in type '{ userId: string; }'.
.next/types/validator.ts(558,31): error TS2344: Type 'typeof import("C:/Users/Gold/WebstormProjects/dropaphi/app/api/admin/users/[userId]/status/route")' does not satisfy the constraint 'RouteHandlerConfig<"/api/admin/users/[userId]/status">'.
  Types of property 'PATCH' are incompatible.
    Type '(req: NextRequest, { params }: { params: { userId: string; }; }) => Promise<Response>' is not assignable to type '(request: NextRequest, context: { params: Promise<{ userId: string; }>; }) => void | Response | Promise<void | Response>'.
      Types of parameters '__1' and 'context' are incompatible.
        Type '{ params: Promise<{ userId: string; }>; }' is not assignable to type '{ params: { userId: string; }; }'.
          Types of property 'params' are incompatible.
            Property 'userId' is missing in type 'Promise<{ userId: string; }>' but required in type '{ userId: string; }'.
.next/types/validator.ts(891,31): error TS2344: Type 'typeof import("C:/Users/Gold/WebstormProjects/dropaphi/app/api/files/[fileId]/route")' does not satisfy the constraint 'RouteHandlerConfig<"/api/files/[fileId]">'.
  Types of property 'GET' are incompatible.
    Type '(req: NextRequest, { params }: { params: { fileId: string; }; }) => Promise<Response>' is not assignable to type '(request: NextRequest, context: { params: Promise<{ fileId: string; }>; }) => void | Response | Promise<void | Response>'.
      Types of parameters '__1' and 'context' are incompatible.
        Type '{ params: Promise<{ fileId: string; }>; }' is not assignable to type '{ params: { fileId: string; }; }'.
          Types of property 'params' are incompatible.
            Property 'fileId' is missing in type 'Promise<{ fileId: string; }>' but required in type '{ fileId: string; }'.
.next/types/validator.ts(918,31): error TS2344: Type 'typeof import("C:/Users/Gold/WebstormProjects/dropaphi/app/api/user/notifications/[id]/archive/route")' does not satisfy the constraint 'RouteHandlerConfig<"/api/user/notifications/[id]/archive">'.
  Types of property 'POST' are incompatible.
    Type '(req: NextRequest, { params }: { params: { id: string; }; }) => Promise<Response>' is not assignable to type '(request: NextRequest, context: { params: Promise<{ id: string; }>; }) => void | Response | Promise<void | Response>'.
      Types of parameters '__1' and 'context' are incompatible.
        Type '{ params: Promise<{ id: string; }>; }' is not assignable to type '{ params: { id: string; }; }'.
          Types of property 'params' are incompatible.
            Property 'id' is missing in type 'Promise<{ id: string; }>' but required in type '{ id: string; }'.
.next/types/validator.ts(927,31): error TS2344: Type 'typeof import("C:/Users/Gold/WebstormProjects/dropaphi/app/api/user/notifications/[id]/read/route")' does not satisfy the constraint 'RouteHandlerConfig<"/api/user/notifications/[id]/read">'.
  Types of property 'POST' are incompatible.
    Type '(req: NextRequest, { params }: { params: { id: string; }; }) => Promise<Response>' is not assignable to type '(request: NextRequest, context: { params: Promise<{ id: string; }>; }) => void | Response | Promise<void | Response>'.
      Types of parameters '__1' and 'context' are incompatible.
        Type '{ params: Promise<{ id: string; }>; }' is not assignable to type '{ params: { id: string; }; }'.
          Types of property 'params' are incompatible.
            Property 'id' is missing in type 'Promise<{ id: string; }>' but required in type '{ id: string; }'.
.next/types/validator.ts(936,31): error TS2344: Type 'typeof import("C:/Users/Gold/WebstormProjects/dropaphi/app/api/user/notifications/[id]/route")' does not satisfy the constraint 'RouteHandlerConfig<"/api/user/notifications/[id]">'.
  Types of property 'DELETE' are incompatible.
    Type '(req: NextRequest, { params }: { params: { id: string; }; }) => Promise<Response>' is not assignable to type '(request: NextRequest, context: { params: Promise<{ id: string; }>; }) => void | Response | Promise<void | Response>'.
      Types of parameters '__1' and 'context' are incompatible.
        Type '{ params: Promise<{ id: string; }>; }' is not assignable to type '{ params: { id: string; }; }'.
          Types of property 'params' are incompatible.
            Property 'id' is missing in type 'Promise<{ id: string; }>' but required in type '{ id: string; }'.
.next/types/validator.ts(999,31): error TS2344: Type 'typeof import("C:/Users/Gold/WebstormProjects/dropaphi/app/api/v1/email/[id]/route")' does not satisfy the constraint 'RouteHandlerConfig<"/api/v1/email/[id]">'.
  The types returned by 'OPTIONS(...)' are incompatible between these types.
    Type 'Promise<NextResponse<unknown> | null>' is not assignable to type 'void | Response | Promise<void | Response>'.
      Type 'Promise<NextResponse<unknown> | null>' is not assignable to type 'Promise<void | Response>'.
        Type 'NextResponse<unknown> | null' is not assignable to type 'void | Response'.
          Type 'null' is not assignable to type 'void | Response'.
.next/types/validator.ts(1008,31): error TS2344: Type 'typeof import("C:/Users/Gold/WebstormProjects/dropaphi/app/api/v1/email/send/route")' does not satisfy the constraint 'RouteHandlerConfig<"/api/v1/email/send">'.
  The types returned by 'OPTIONS(...)' are incompatible between these types.
    Type 'Promise<NextResponse<unknown> | null>' is not assignable to type 'void | Response | Promise<void | Response>'.
      Type 'Promise<NextResponse<unknown> | null>' is not assignable to type 'Promise<void | Response>'.
        Type 'NextResponse<unknown> | null' is not assignable to type 'void | Response'.
          Type 'null' is not assignable to type 'void | Response'.
.next/types/validator.ts(1026,31): error TS2344: Type 'typeof import("C:/Users/Gold/WebstormProjects/dropaphi/app/api/v1/files/[fileId]/route")' does not satisfy the constraint 'RouteHandlerConfig<"/api/v1/files/[fileId]">'.
  Types of property 'GET' are incompatible.
    Type '(req: NextRequest, { params }: { params: { fileId: string; }; }) => Promise<NextResponse<unknown>>' is not assignable to type '(request: NextRequest, context: { params: Promise<{ fileId: string; }>; }) => void | Response | Promise<void | Response>'.
      Types of parameters '__1' and 'context' are incompatible.
        Type '{ params: Promise<{ fileId: string; }>; }' is not assignable to type '{ params: { fileId: string; }; }'.
          Types of property 'params' are incompatible.
            Property 'fileId' is missing in type 'Promise<{ fileId: string; }>' but required in type '{ fileId: string; }'.
.next/types/validator.ts(1035,31): error TS2344: Type 'typeof import("C:/Users/Gold/WebstormProjects/dropaphi/app/api/v1/files/route")' does not satisfy the constraint 'RouteHandlerConfig<"/api/v1/files">'.
  The types returned by 'OPTIONS(...)' are incompatible between these types.
    Type 'Promise<NextResponse<unknown> | null>' is not assignable to type 'void | Response | Promise<void | Response>'.
      Type 'Promise<NextResponse<unknown> | null>' is not assignable to type 'Promise<void | Response>'.
        Type 'NextResponse<unknown> | null' is not assignable to type 'void | Response'.
          Type 'null' is not assignable to type 'void | Response'.
.next/types/validator.ts(1044,31): error TS2344: Type 'typeof import("C:/Users/Gold/WebstormProjects/dropaphi/app/api/v1/files/upload/route")' does not satisfy the constraint 'RouteHandlerConfig<"/api/v1/files/upload">'.
  The types returned by 'OPTIONS(...)' are incompatible between these types.
    Type 'Promise<NextResponse<unknown> | null>' is not assignable to type 'void | Response | Promise<void | Response>'.
      Type 'Promise<NextResponse<unknown> | null>' is not assignable to type 'Promise<void | Response>'.
        Type 'NextResponse<unknown> | null' is not assignable to type 'void | Response'.
          Type 'null' is not assignable to type 'void | Response'.
.next/types/validator.ts(1053,31): error TS2344: Type 'typeof import("C:/Users/Gold/WebstormProjects/dropaphi/app/api/v1/otp/resend/route")' does not satisfy the constraint 'RouteHandlerConfig<"/api/v1/otp/resend">'.
  The types returned by 'OPTIONS(...)' are incompatible between these types.
    Type 'Promise<NextResponse<unknown> | null>' is not assignable to type 'void | Response | Promise<void | Response>'.
      Type 'Promise<NextResponse<unknown> | null>' is not assignable to type 'Promise<void | Response>'.
        Type 'NextResponse<unknown> | null' is not assignable to type 'void | Response'.
          Type 'null' is not assignable to type 'void | Response'.
.next/types/validator.ts(1062,31): error TS2344: Type 'typeof import("C:/Users/Gold/WebstormProjects/dropaphi/app/api/v1/otp/send/route")' does not satisfy the constraint 'RouteHandlerConfig<"/api/v1/otp/send">'.
  The types returned by 'OPTIONS(...)' are incompatible between these types.
    Type 'Promise<NextResponse<unknown> | null>' is not assignable to type 'void | Response | Promise<void | Response>'.
      Type 'Promise<NextResponse<unknown> | null>' is not assignable to type 'Promise<void | Response>'.
        Type 'NextResponse<unknown> | null' is not assignable to type 'void | Response'.
          Type 'null' is not assignable to type 'void | Response'.
.next/types/validator.ts(1071,31): error TS2344: Type 'typeof import("C:/Users/Gold/WebstormProjects/dropaphi/app/api/v1/otp/verify/route")' does not satisfy the constraint 'RouteHandlerConfig<"/api/v1/otp/verify">'.
  The types returned by 'OPTIONS(...)' are incompatible between these types.
    Type 'Promise<NextResponse<unknown> | null>' is not assignable to type 'void | Response | Promise<void | Response>'.
      Type 'Promise<NextResponse<unknown> | null>' is not assignable to type 'Promise<void | Response>'.
        Type 'NextResponse<unknown> | null' is not assignable to type 'void | Response'.
          Type 'null' is not assignable to type 'void | Response'.
.next/types/validator.ts(1169,39): error TS2306: File 'C:/Users/Gold/WebstormProjects/dropaphi/app/api/workspace/[workspaceId]/email/[emailId]/status/route.ts' is not a module.
.next/types/validator.ts(1350,31): error TS2344: Type 'typeof import("C:/Users/Gold/WebstormProjects/dropaphi/app/api/workspace/[workspaceId]/subscribers/[subscriberId]/route")' does not satisfy the constraint 'RouteHandlerConfig<"/api/workspace/[workspaceId]/subscribers/[subscriberId]">'.
  Types of property 'GET' are incompatible.
    Type '(req: NextRequest, { params }: { params: Promise<{ workspaceId: string; id: string; }>; }) => Promise<Response>' is not assignable to type '(request: NextRequest, context: { params: Promise<{ workspaceId: string; subscriberId: string; }>; }) => void | Response | Promise<void | Response>'.
      Types of parameters '__1' and 'context' are incompatible.
        Type '{ params: Promise<{ workspaceId: string; subscriberId: string; }>; }' is not assignable to type '{ params: Promise<{ workspaceId: string; id: string; }>; }'.
          Types of property 'params' are incompatible.
            Type 'Promise<{ workspaceId: string; subscriberId: string; }>' is not assignable to type 'Promise<{ workspaceId: string; id: string; }>'.
              Property 'id' is missing in type '{ workspaceId: string; subscriberId: string; }' but required in type '{ workspaceId: string; id: string; }'.
.next/types/validator.ts(1386,31): error TS2344: Type 'typeof import("C:/Users/Gold/WebstormProjects/dropaphi/app/api/workspace/invitations/[invitationId]/route")' does not satisfy the constraint 'RouteHandlerConfig<"/api/workspace/invitations/[invitationId]">'.
  Types of property 'DELETE' are incompatible.
    Type '(req: NextRequest, { params }: { params: { invitationId: string; }; }) => Promise<Response>' is not assignable to type '(request: NextRequest, context: { params: Promise<{ invitationId: string; }>; }) => void | Response | Promise<void | Response>'.
      Types of parameters '__1' and 'context' are incompatible.
        Type '{ params: Promise<{ invitationId: string; }>; }' is not assignable to type '{ params: { invitationId: string; }; }'.
          Types of property 'params' are incompatible.
            Property 'invitationId' is missing in type 'Promise<{ invitationId: string; }>' but required in type '{ invitationId: string; }'.
app/admin/promo/_component/CreatePromoModal.tsx(49,9): error TS2322: Type 'Date' is not assignable to type 'string'.
app/admin/promo/_component/CreatePromoModal.tsx(50,9): error TS2322: Type 'Date' is not assignable to type 'string'.
app/admin/promo/_component/EditPromoModal.tsx(53,9): error TS2322: Type 'Date' is not assignable to type 'string'.
app/admin/promo/_component/EditPromoModal.tsx(54,9): error TS2322: Type 'Date' is not assignable to type 'string'.
app/api/admin/promo-codes/[id]/route.ts(48,9): error TS2322: Type '"STARTER" | "PROFESSIONAL" | "BUSINESS" | "ENTERPRISE" | null | undefined' is not assignable to type 'SubscriptionTier | NullableEnumSubscriptionTierFieldUpdateOperationsInput | null | undefined'.
  Type '"ENTERPRISE"' is not assignable to type 'SubscriptionTier | NullableEnumSubscriptionTierFieldUpdateOperationsInput | null | undefined'.
app/api/admin/promo-codes/route.ts(94,9): error TS2322: Type '"STARTER" | "PROFESSIONAL" | "BUSINESS" | "ENTERPRISE" | undefined' is not assignable to type 'SubscriptionTier | null | undefined'.
  Type '"ENTERPRISE"' is not assignable to type 'SubscriptionTier | null | undefined'.
app/api/auth/otp/route.ts(83,11): error TS2353: Object literal may only specify known properties, and 'otpHash' does not exist in type 'Without<OtpRequestCreateInput, OtpRequestUncheckedCreateInput> & OtpRequestUncheckedCreateInput'.
app/api/auth/otp/route.ts(97,11): error TS2353: Object literal may only specify known properties, and 'otpHash' does not exist in type 'Without<OtpRequestCreateInput, OtpRequestUncheckedCreateInput> & OtpRequestUncheckedCreateInput'.
app/api/auth/otp/route.ts(166,33): error TS2339: Property 'otpHash' does not exist on type '{ status: OtpStatus; id: string; expiresAt: Date; createdAt: Date; updatedAt: Date; ipAddress: string | null; workspaceId: string; metadata: JsonValue; ... 12 more ...; source: string; }'.
app/api/billing/balance/route.ts(20,30): error TS2339: Property 'creditBalance' does not exist on type 'PrismaClient'.
app/api/billing/usage-breakdown/route.ts(27,26): error TS2551: Property 'apiLimits' does not exist on type 'Plan'. Did you mean 'limits'?
app/api/billing/usage-breakdown/route.ts(48,19): error TS2353: Object literal may only specify known properties, and 'creditsUsed' does not exist in type 'UsageLogSumAggregateInputType'.
app/api/billing/usage-breakdown/route.ts(51,22): error TS18048: 'usage._sum' is possibly 'undefined'.
app/api/billing/usage-breakdown/route.ts(51,33): error TS2339: Property 'creditsUsed' does not exist on type '{ currentSubscribers?: number | null | undefined; currentEmailsSent?: number | null | undefined; currentFilesUsed?: number | null | undefined; currentSmsSent?: number | null | undefined; currentOtpSent?: number | ... 1 more ... | undefined; duration?: number | ... 1 more ... | undefined; }'.
app/api/workspace/[workspaceId]/route.ts(6,10): error TS2305: Module '"@prisma/client"' has no exported member 'WorkspaceRole'.
app/api/workspace/[workspaceId]/route.ts(21,47): error TS2339: Property 'userId' does not exist on type 'Response | JwtPayload'.
  Property 'userId' does not exist on type 'Response'.
app/api/workspace/[workspaceId]/route.ts(30,24): error TS2339: Property 'userId' does not exist on type 'Response | JwtPayload'.
  Property 'userId' does not exist on type 'Response'.
app/api/workspace/[workspaceId]/route.ts(37,34): error TS2339: Property 'userId' does not exist on type 'Response | JwtPayload'.
  Property 'userId' does not exist on type 'Response'.
app/api/workspace/[workspaceId]/route.ts(151,24): error TS2339: Property 'userId' does not exist on type 'Response | JwtPayload'.
  Property 'userId' does not exist on type 'Response'.
app/api/workspace/[workspaceId]/route.ts(236,24): error TS2339: Property 'userId' does not exist on type 'Response | JwtPayload'.
  Property 'userId' does not exist on type 'Response'.
app/auth/otp/signup-otp.tsx(13,11): error TS2339: Property 'verifyOtp' does not exist on type 'AuthState'.
lib/stores/auth.ts(4,10): error TS2305: Module '"./types"' has no exported member 'AuthUser'.
lib/stores/auth.ts(4,20): error TS2305: Module '"./types"' has no exported member 'PasswordChangeData'.
lib/stores/auth.ts(4,40): error TS2305: Module '"./types"' has no exported member 'ProfileUpdateData'.
lib/stores/auth.ts(4,59): error TS2305: Module '"./types"' has no exported member 'Session'.
lib/validations/workspace.ts(2,10): error TS2305: Module '"@prisma/client"' has no exported member 'WorkspaceRole'.
